// Jest Snapshot v1, https://goo.gl/fbAQLP

exports[`Button matches button snapshot 1`] = `
<button
  className="border-amber-300 rounded-xl border-4 text-black py-2 px-4 rounded transition-opacity duration-300"
  data-testid="View Details"
>
  <span
    className="text-white"
  >
    View Details
  </span>
</button>
`;
