// Jest Snapshot v1, https://goo.gl/fbAQLP

exports[`Card matches card snapshot 1`] = `
<div
  className="bg-[#FAFAFA] p-5"
  data-testid="Play"
>
  <div
    className="flex gap-2 items-center"
  >
    <img />
    <div>
      Play trailer 
      1
    </div>
  </div>
</div>
`;
